/home/febe/Afrikaans/ASR/exp0/mfcc/255_36_08_1.mfc
/home/febe/Afrikaans/ASR/exp0/mfcc/255_36_08_10.mfc
/home/febe/Afrikaans/ASR/exp0/mfcc/255_36_08_11.mfc
/home/febe/Afrikaans/ASR/exp0/mfcc/255_36_08_15.mfc
/home/febe/Afrikaans/ASR/exp0/mfcc/255_36_08_16.mfc
/home/febe/Afrikaans/ASR/exp0/mfcc/255_36_08_17.mfc
/home/febe/Afrikaans/ASR/exp0/mfcc/255_36_08_18.mfc
/home/febe/Afrikaans/ASR/exp0/mfcc/255_36_08_19.mfc
/home/febe/Afrikaans/ASR/exp0/mfcc/255_36_08_2.mfc
/home/febe/Afrikaans/ASR/exp0/mfcc/255_36_08_20.mfc
/home/febe/Afrikaans/ASR/exp0/mfcc/255_36_08_21.mfc
/home/febe/Afrikaans/ASR/exp0/mfcc/255_36_08_22.mfc
/home/febe/Afrikaans/ASR/exp0/mfcc/255_36_08_23.mfc
/home/febe/Afrikaans/ASR/exp0/mfcc/255_36_08_24.mfc
/home/febe/Afrikaans/ASR/exp0/mfcc/255_36_08_25.mfc
/home/febe/Afrikaans/ASR/exp0/mfcc/255_36_08_26.mfc
/home/febe/Afrikaans/ASR/exp0/mfcc/255_36_08_27.mfc
/home/febe/Afrikaans/ASR/exp0/mfcc/255_36_08_28.mfc
/home/febe/Afrikaans/ASR/exp0/mfcc/255_36_08_29.mfc
/home/febe/Afrikaans/ASR/exp0/mfcc/255_36_08_3.mfc
/home/febe/Afrikaans/ASR/exp0/mfcc/255_36_08_30.mfc
/home/febe/Afrikaans/ASR/exp0/mfcc/255_36_08_31.mfc
/home/febe/Afrikaans/ASR/exp0/mfcc/255_36_08_32.mfc
/home/febe/Afrikaans/ASR/exp0/mfcc/255_36_08_33.mfc
/home/febe/Afrikaans/ASR/exp0/mfcc/255_36_08_34.mfc
/home/febe/Afrikaans/ASR/exp0/mfcc/255_36_08_35.mfc
/home/febe/Afrikaans/ASR/exp0/mfcc/255_36_08_36.mfc
/home/febe/Afrikaans/ASR/exp0/mfcc/255_36_08_37.mfc
/home/febe/Afrikaans/ASR/exp0/mfcc/255_36_08_38.mfc
/home/febe/Afrikaans/ASR/exp0/mfcc/255_36_08_39.mfc
/home/febe/Afrikaans/ASR/exp0/mfcc/255_36_08_4.mfc
/home/febe/Afrikaans/ASR/exp0/mfcc/255_36_08_40.mfc
/home/febe/Afrikaans/ASR/exp0/mfcc/255_36_08_41.mfc
/home/febe/Afrikaans/ASR/exp0/mfcc/255_36_08_42.mfc
/home/febe/Afrikaans/ASR/exp0/mfcc/255_36_08_43.mfc
/home/febe/Afrikaans/ASR/exp0/mfcc/255_36_08_5.mfc
/home/febe/Afrikaans/ASR/exp0/mfcc/255_36_08_6.mfc
/home/febe/Afrikaans/ASR/exp0/mfcc/255_36_08_7.mfc
/home/febe/Afrikaans/ASR/exp0/mfcc/255_36_08_8.mfc
/home/febe/Afrikaans/ASR/exp0/mfcc/255_36_08_9.mfc
/home/febe/Afrikaans/ASR/exp0/mfcc/264_21_01_1.mfc
/home/febe/Afrikaans/ASR/exp0/mfcc/264_21_01_10.mfc
/home/febe/Afrikaans/ASR/exp0/mfcc/264_21_01_11.mfc
/home/febe/Afrikaans/ASR/exp0/mfcc/264_21_01_12.mfc
/home/febe/Afrikaans/ASR/exp0/mfcc/264_21_01_13.mfc
/home/febe/Afrikaans/ASR/exp0/mfcc/264_21_01_14.mfc
/home/febe/Afrikaans/ASR/exp0/mfcc/264_21_01_15.mfc
/home/febe/Afrikaans/ASR/exp0/mfcc/264_21_01_16.mfc
/home/febe/Afrikaans/ASR/exp0/mfcc/264_21_01_17.mfc
/home/febe/Afrikaans/ASR/exp0/mfcc/264_21_01_18.mfc
/home/febe/Afrikaans/ASR/exp0/mfcc/264_21_01_19.mfc
/home/febe/Afrikaans/ASR/exp0/mfcc/264_21_01_2.mfc
/home/febe/Afrikaans/ASR/exp0/mfcc/264_21_01_20.mfc
/home/febe/Afrikaans/ASR/exp0/mfcc/264_21_01_21.mfc
/home/febe/Afrikaans/ASR/exp0/mfcc/264_21_01_22.mfc
/home/febe/Afrikaans/ASR/exp0/mfcc/264_21_01_23.mfc
/home/febe/Afrikaans/ASR/exp0/mfcc/264_21_01_24.mfc
/home/febe/Afrikaans/ASR/exp0/mfcc/264_21_01_25.mfc
/home/febe/Afrikaans/ASR/exp0/mfcc/264_21_01_26.mfc
/home/febe/Afrikaans/ASR/exp0/mfcc/264_21_01_27.mfc
/home/febe/Afrikaans/ASR/exp0/mfcc/264_21_01_28.mfc
/home/febe/Afrikaans/ASR/exp0/mfcc/264_21_01_29.mfc
/home/febe/Afrikaans/ASR/exp0/mfcc/264_21_01_3.mfc
/home/febe/Afrikaans/ASR/exp0/mfcc/264_21_01_30.mfc
/home/febe/Afrikaans/ASR/exp0/mfcc/264_21_01_31.mfc
/home/febe/Afrikaans/ASR/exp0/mfcc/264_21_01_32.mfc
/home/febe/Afrikaans/ASR/exp0/mfcc/264_21_01_33.mfc
/home/febe/Afrikaans/ASR/exp0/mfcc/264_21_01_34.mfc
/home/febe/Afrikaans/ASR/exp0/mfcc/264_21_01_35.mfc
/home/febe/Afrikaans/ASR/exp0/mfcc/264_21_01_36.mfc
/home/febe/Afrikaans/ASR/exp0/mfcc/264_21_01_38.mfc
/home/febe/Afrikaans/ASR/exp0/mfcc/264_21_01_39.mfc
/home/febe/Afrikaans/ASR/exp0/mfcc/264_21_01_4.mfc
/home/febe/Afrikaans/ASR/exp0/mfcc/264_21_01_40.mfc
/home/febe/Afrikaans/ASR/exp0/mfcc/264_21_01_41.mfc
/home/febe/Afrikaans/ASR/exp0/mfcc/264_21_01_42.mfc
/home/febe/Afrikaans/ASR/exp0/mfcc/264_21_01_43.mfc
/home/febe/Afrikaans/ASR/exp0/mfcc/264_21_01_44.mfc
/home/febe/Afrikaans/ASR/exp0/mfcc/264_21_01_45.mfc
/home/febe/Afrikaans/ASR/exp0/mfcc/264_21_01_46.mfc
/home/febe/Afrikaans/ASR/exp0/mfcc/264_21_01_47.mfc
/home/febe/Afrikaans/ASR/exp0/mfcc/264_21_01_48.mfc
/home/febe/Afrikaans/ASR/exp0/mfcc/264_21_01_49.mfc
/home/febe/Afrikaans/ASR/exp0/mfcc/264_21_01_5.mfc
/home/febe/Afrikaans/ASR/exp0/mfcc/264_21_01_50.mfc
/home/febe/Afrikaans/ASR/exp0/mfcc/264_21_01_51.mfc
/home/febe/Afrikaans/ASR/exp0/mfcc/264_21_01_52.mfc
/home/febe/Afrikaans/ASR/exp0/mfcc/264_21_01_53.mfc
/home/febe/Afrikaans/ASR/exp0/mfcc/264_21_01_6.mfc
/home/febe/Afrikaans/ASR/exp0/mfcc/264_21_01_7.mfc
/home/febe/Afrikaans/ASR/exp0/mfcc/264_21_01_8.mfc
/home/febe/Afrikaans/ASR/exp0/mfcc/264_21_01_9.mfc
/home/febe/Afrikaans/ASR/exp0/mfcc/307_29_06_1.mfc
/home/febe/Afrikaans/ASR/exp0/mfcc/307_29_06_10.mfc
/home/febe/Afrikaans/ASR/exp0/mfcc/307_29_06_11.mfc
/home/febe/Afrikaans/ASR/exp0/mfcc/307_29_06_12.mfc
/home/febe/Afrikaans/ASR/exp0/mfcc/307_29_06_13.mfc
/home/febe/Afrikaans/ASR/exp0/mfcc/307_29_06_14.mfc
/home/febe/Afrikaans/ASR/exp0/mfcc/307_29_06_15.mfc
/home/febe/Afrikaans/ASR/exp0/mfcc/307_29_06_16.mfc
/home/febe/Afrikaans/ASR/exp0/mfcc/307_29_06_17.mfc
/home/febe/Afrikaans/ASR/exp0/mfcc/307_29_06_18.mfc
/home/febe/Afrikaans/ASR/exp0/mfcc/307_29_06_19.mfc
/home/febe/Afrikaans/ASR/exp0/mfcc/307_29_06_2.mfc
/home/febe/Afrikaans/ASR/exp0/mfcc/307_29_06_20.mfc
/home/febe/Afrikaans/ASR/exp0/mfcc/307_29_06_21.mfc
/home/febe/Afrikaans/ASR/exp0/mfcc/307_29_06_22.mfc
/home/febe/Afrikaans/ASR/exp0/mfcc/307_29_06_23.mfc
/home/febe/Afrikaans/ASR/exp0/mfcc/307_29_06_24.mfc
/home/febe/Afrikaans/ASR/exp0/mfcc/307_29_06_25.mfc
/home/febe/Afrikaans/ASR/exp0/mfcc/307_29_06_26.mfc
/home/febe/Afrikaans/ASR/exp0/mfcc/307_29_06_27.mfc
/home/febe/Afrikaans/ASR/exp0/mfcc/307_29_06_28.mfc
/home/febe/Afrikaans/ASR/exp0/mfcc/307_29_06_29.mfc
/home/febe/Afrikaans/ASR/exp0/mfcc/307_29_06_3.mfc
/home/febe/Afrikaans/ASR/exp0/mfcc/307_29_06_30.mfc
/home/febe/Afrikaans/ASR/exp0/mfcc/307_29_06_31.mfc
/home/febe/Afrikaans/ASR/exp0/mfcc/307_29_06_32.mfc
/home/febe/Afrikaans/ASR/exp0/mfcc/307_29_06_33.mfc
/home/febe/Afrikaans/ASR/exp0/mfcc/307_29_06_34.mfc
/home/febe/Afrikaans/ASR/exp0/mfcc/307_29_06_35.mfc
/home/febe/Afrikaans/ASR/exp0/mfcc/307_29_06_36.mfc
/home/febe/Afrikaans/ASR/exp0/mfcc/307_29_06_37.mfc
/home/febe/Afrikaans/ASR/exp0/mfcc/307_29_06_38.mfc
/home/febe/Afrikaans/ASR/exp0/mfcc/307_29_06_39.mfc
/home/febe/Afrikaans/ASR/exp0/mfcc/307_29_06_4.mfc
/home/febe/Afrikaans/ASR/exp0/mfcc/307_29_06_40.mfc
/home/febe/Afrikaans/ASR/exp0/mfcc/307_29_06_41.mfc
/home/febe/Afrikaans/ASR/exp0/mfcc/307_29_06_42.mfc
/home/febe/Afrikaans/ASR/exp0/mfcc/307_29_06_43.mfc
/home/febe/Afrikaans/ASR/exp0/mfcc/307_29_06_44.mfc
/home/febe/Afrikaans/ASR/exp0/mfcc/307_29_06_5.mfc
/home/febe/Afrikaans/ASR/exp0/mfcc/307_29_06_6.mfc
/home/febe/Afrikaans/ASR/exp0/mfcc/307_29_06_7.mfc
/home/febe/Afrikaans/ASR/exp0/mfcc/307_29_06_8.mfc
/home/febe/Afrikaans/ASR/exp0/mfcc/307_29_06_9.mfc
/home/febe/Afrikaans/ASR/exp0/mfcc/334_42_06_1.mfc
/home/febe/Afrikaans/ASR/exp0/mfcc/334_42_06_10.mfc
/home/febe/Afrikaans/ASR/exp0/mfcc/334_42_06_11.mfc
/home/febe/Afrikaans/ASR/exp0/mfcc/334_42_06_12.mfc
/home/febe/Afrikaans/ASR/exp0/mfcc/334_42_06_13.mfc
/home/febe/Afrikaans/ASR/exp0/mfcc/334_42_06_14.mfc
/home/febe/Afrikaans/ASR/exp0/mfcc/334_42_06_15.mfc
/home/febe/Afrikaans/ASR/exp0/mfcc/334_42_06_16.mfc
/home/febe/Afrikaans/ASR/exp0/mfcc/334_42_06_17.mfc
/home/febe/Afrikaans/ASR/exp0/mfcc/334_42_06_18.mfc
/home/febe/Afrikaans/ASR/exp0/mfcc/334_42_06_19.mfc
/home/febe/Afrikaans/ASR/exp0/mfcc/334_42_06_2.mfc
/home/febe/Afrikaans/ASR/exp0/mfcc/334_42_06_20.mfc
/home/febe/Afrikaans/ASR/exp0/mfcc/334_42_06_21.mfc
/home/febe/Afrikaans/ASR/exp0/mfcc/334_42_06_22.mfc
/home/febe/Afrikaans/ASR/exp0/mfcc/334_42_06_23.mfc
/home/febe/Afrikaans/ASR/exp0/mfcc/334_42_06_24.mfc
/home/febe/Afrikaans/ASR/exp0/mfcc/334_42_06_29.mfc
/home/febe/Afrikaans/ASR/exp0/mfcc/334_42_06_3.mfc
/home/febe/Afrikaans/ASR/exp0/mfcc/334_42_06_30.mfc
/home/febe/Afrikaans/ASR/exp0/mfcc/334_42_06_31.mfc
/home/febe/Afrikaans/ASR/exp0/mfcc/334_42_06_32.mfc
/home/febe/Afrikaans/ASR/exp0/mfcc/334_42_06_33.mfc
/home/febe/Afrikaans/ASR/exp0/mfcc/334_42_06_34.mfc
/home/febe/Afrikaans/ASR/exp0/mfcc/334_42_06_35.mfc
/home/febe/Afrikaans/ASR/exp0/mfcc/334_42_06_36.mfc
/home/febe/Afrikaans/ASR/exp0/mfcc/334_42_06_4.mfc
/home/febe/Afrikaans/ASR/exp0/mfcc/334_42_06_5.mfc
/home/febe/Afrikaans/ASR/exp0/mfcc/334_42_06_6.mfc
/home/febe/Afrikaans/ASR/exp0/mfcc/334_42_06_7.mfc
/home/febe/Afrikaans/ASR/exp0/mfcc/334_42_06_8.mfc
/home/febe/Afrikaans/ASR/exp0/mfcc/334_42_06_9.mfc
/home/febe/Afrikaans/ASR/exp0/mfcc/388_100_04_1.mfc
/home/febe/Afrikaans/ASR/exp0/mfcc/388_100_04_10.mfc
/home/febe/Afrikaans/ASR/exp0/mfcc/388_100_04_11.mfc
/home/febe/Afrikaans/ASR/exp0/mfcc/388_100_04_12.mfc
/home/febe/Afrikaans/ASR/exp0/mfcc/388_100_04_13.mfc
/home/febe/Afrikaans/ASR/exp0/mfcc/388_100_04_14.mfc
/home/febe/Afrikaans/ASR/exp0/mfcc/388_100_04_15.mfc
/home/febe/Afrikaans/ASR/exp0/mfcc/388_100_04_16.mfc
/home/febe/Afrikaans/ASR/exp0/mfcc/388_100_04_17.mfc
/home/febe/Afrikaans/ASR/exp0/mfcc/388_100_04_18.mfc
/home/febe/Afrikaans/ASR/exp0/mfcc/388_100_04_19.mfc
/home/febe/Afrikaans/ASR/exp0/mfcc/388_100_04_2.mfc
/home/febe/Afrikaans/ASR/exp0/mfcc/388_100_04_22.mfc
/home/febe/Afrikaans/ASR/exp0/mfcc/388_100_04_23.mfc
/home/febe/Afrikaans/ASR/exp0/mfcc/388_100_04_24.mfc
/home/febe/Afrikaans/ASR/exp0/mfcc/388_100_04_25.mfc
/home/febe/Afrikaans/ASR/exp0/mfcc/388_100_04_26.mfc
/home/febe/Afrikaans/ASR/exp0/mfcc/388_100_04_27.mfc
/home/febe/Afrikaans/ASR/exp0/mfcc/388_100_04_28.mfc
/home/febe/Afrikaans/ASR/exp0/mfcc/388_100_04_29.mfc
/home/febe/Afrikaans/ASR/exp0/mfcc/388_100_04_3.mfc
/home/febe/Afrikaans/ASR/exp0/mfcc/388_100_04_30.mfc
/home/febe/Afrikaans/ASR/exp0/mfcc/388_100_04_31.mfc
/home/febe/Afrikaans/ASR/exp0/mfcc/388_100_04_32.mfc
/home/febe/Afrikaans/ASR/exp0/mfcc/388_100_04_33.mfc
/home/febe/Afrikaans/ASR/exp0/mfcc/388_100_04_4.mfc
/home/febe/Afrikaans/ASR/exp0/mfcc/388_100_04_5.mfc
/home/febe/Afrikaans/ASR/exp0/mfcc/388_100_04_6.mfc
/home/febe/Afrikaans/ASR/exp0/mfcc/388_100_04_7.mfc
/home/febe/Afrikaans/ASR/exp0/mfcc/388_100_04_8.mfc
/home/febe/Afrikaans/ASR/exp0/mfcc/388_100_04_9.mfc
/home/febe/Afrikaans/ASR/exp0/mfcc/389_100_05_1.mfc
/home/febe/Afrikaans/ASR/exp0/mfcc/389_100_05_10.mfc
/home/febe/Afrikaans/ASR/exp0/mfcc/389_100_05_13.mfc
/home/febe/Afrikaans/ASR/exp0/mfcc/389_100_05_14.mfc
/home/febe/Afrikaans/ASR/exp0/mfcc/389_100_05_15.mfc
/home/febe/Afrikaans/ASR/exp0/mfcc/389_100_05_16.mfc
/home/febe/Afrikaans/ASR/exp0/mfcc/389_100_05_2.mfc
/home/febe/Afrikaans/ASR/exp0/mfcc/389_100_05_22.mfc
/home/febe/Afrikaans/ASR/exp0/mfcc/389_100_05_23.mfc
/home/febe/Afrikaans/ASR/exp0/mfcc/389_100_05_24.mfc
/home/febe/Afrikaans/ASR/exp0/mfcc/389_100_05_25.mfc
/home/febe/Afrikaans/ASR/exp0/mfcc/389_100_05_26.mfc
/home/febe/Afrikaans/ASR/exp0/mfcc/389_100_05_27.mfc
/home/febe/Afrikaans/ASR/exp0/mfcc/389_100_05_28.mfc
/home/febe/Afrikaans/ASR/exp0/mfcc/389_100_05_29.mfc
/home/febe/Afrikaans/ASR/exp0/mfcc/389_100_05_3.mfc
/home/febe/Afrikaans/ASR/exp0/mfcc/389_100_05_30.mfc
/home/febe/Afrikaans/ASR/exp0/mfcc/389_100_05_31.mfc
/home/febe/Afrikaans/ASR/exp0/mfcc/389_100_05_32.mfc
/home/febe/Afrikaans/ASR/exp0/mfcc/389_100_05_33.mfc
/home/febe/Afrikaans/ASR/exp0/mfcc/389_100_05_34.mfc
/home/febe/Afrikaans/ASR/exp0/mfcc/389_100_05_35.mfc
/home/febe/Afrikaans/ASR/exp0/mfcc/389_100_05_36.mfc
/home/febe/Afrikaans/ASR/exp0/mfcc/389_100_05_37.mfc
/home/febe/Afrikaans/ASR/exp0/mfcc/389_100_05_38.mfc
/home/febe/Afrikaans/ASR/exp0/mfcc/389_100_05_4.mfc
/home/febe/Afrikaans/ASR/exp0/mfcc/389_100_05_5.mfc
/home/febe/Afrikaans/ASR/exp0/mfcc/389_100_05_6.mfc
/home/febe/Afrikaans/ASR/exp0/mfcc/389_100_05_7.mfc
/home/febe/Afrikaans/ASR/exp0/mfcc/389_100_05_8.mfc
/home/febe/Afrikaans/ASR/exp0/mfcc/389_100_05_9.mfc
/home/febe/Afrikaans/ASR/exp0/mfcc/390_100_06_1.mfc
/home/febe/Afrikaans/ASR/exp0/mfcc/390_100_06_10.mfc
/home/febe/Afrikaans/ASR/exp0/mfcc/390_100_06_11.mfc
/home/febe/Afrikaans/ASR/exp0/mfcc/390_100_06_12.mfc
/home/febe/Afrikaans/ASR/exp0/mfcc/390_100_06_15.mfc
/home/febe/Afrikaans/ASR/exp0/mfcc/390_100_06_16.mfc
/home/febe/Afrikaans/ASR/exp0/mfcc/390_100_06_17.mfc
/home/febe/Afrikaans/ASR/exp0/mfcc/390_100_06_18.mfc
/home/febe/Afrikaans/ASR/exp0/mfcc/390_100_06_19.mfc
/home/febe/Afrikaans/ASR/exp0/mfcc/390_100_06_2.mfc
/home/febe/Afrikaans/ASR/exp0/mfcc/390_100_06_20.mfc
/home/febe/Afrikaans/ASR/exp0/mfcc/390_100_06_21.mfc
/home/febe/Afrikaans/ASR/exp0/mfcc/390_100_06_22.mfc
/home/febe/Afrikaans/ASR/exp0/mfcc/390_100_06_23.mfc
/home/febe/Afrikaans/ASR/exp0/mfcc/390_100_06_24.mfc
/home/febe/Afrikaans/ASR/exp0/mfcc/390_100_06_25.mfc
/home/febe/Afrikaans/ASR/exp0/mfcc/390_100_06_26.mfc
/home/febe/Afrikaans/ASR/exp0/mfcc/390_100_06_27.mfc
/home/febe/Afrikaans/ASR/exp0/mfcc/390_100_06_28.mfc
/home/febe/Afrikaans/ASR/exp0/mfcc/390_100_06_29.mfc
/home/febe/Afrikaans/ASR/exp0/mfcc/390_100_06_3.mfc
/home/febe/Afrikaans/ASR/exp0/mfcc/390_100_06_30.mfc
/home/febe/Afrikaans/ASR/exp0/mfcc/390_100_06_31.mfc
/home/febe/Afrikaans/ASR/exp0/mfcc/390_100_06_32.mfc
/home/febe/Afrikaans/ASR/exp0/mfcc/390_100_06_33.mfc
/home/febe/Afrikaans/ASR/exp0/mfcc/390_100_06_34.mfc
/home/febe/Afrikaans/ASR/exp0/mfcc/390_100_06_35.mfc
/home/febe/Afrikaans/ASR/exp0/mfcc/390_100_06_36.mfc
/home/febe/Afrikaans/ASR/exp0/mfcc/390_100_06_37.mfc
/home/febe/Afrikaans/ASR/exp0/mfcc/390_100_06_38.mfc
/home/febe/Afrikaans/ASR/exp0/mfcc/390_100_06_39.mfc
/home/febe/Afrikaans/ASR/exp0/mfcc/390_100_06_4.mfc
/home/febe/Afrikaans/ASR/exp0/mfcc/390_100_06_40.mfc
/home/febe/Afrikaans/ASR/exp0/mfcc/390_100_06_41.mfc
/home/febe/Afrikaans/ASR/exp0/mfcc/390_100_06_5.mfc
/home/febe/Afrikaans/ASR/exp0/mfcc/390_100_06_6.mfc
/home/febe/Afrikaans/ASR/exp0/mfcc/390_100_06_7.mfc
/home/febe/Afrikaans/ASR/exp0/mfcc/390_100_06_8.mfc
/home/febe/Afrikaans/ASR/exp0/mfcc/390_100_06_9.mfc
/home/febe/Afrikaans/ASR/exp0/mfcc/391_100_07_1.mfc
/home/febe/Afrikaans/ASR/exp0/mfcc/391_100_07_10.mfc
/home/febe/Afrikaans/ASR/exp0/mfcc/391_100_07_11.mfc
/home/febe/Afrikaans/ASR/exp0/mfcc/391_100_07_12.mfc
/home/febe/Afrikaans/ASR/exp0/mfcc/391_100_07_13.mfc
/home/febe/Afrikaans/ASR/exp0/mfcc/391_100_07_14.mfc
/home/febe/Afrikaans/ASR/exp0/mfcc/391_100_07_15.mfc
/home/febe/Afrikaans/ASR/exp0/mfcc/391_100_07_16.mfc
/home/febe/Afrikaans/ASR/exp0/mfcc/391_100_07_17.mfc
/home/febe/Afrikaans/ASR/exp0/mfcc/391_100_07_18.mfc
/home/febe/Afrikaans/ASR/exp0/mfcc/391_100_07_19.mfc
/home/febe/Afrikaans/ASR/exp0/mfcc/391_100_07_2.mfc
/home/febe/Afrikaans/ASR/exp0/mfcc/391_100_07_20.mfc
/home/febe/Afrikaans/ASR/exp0/mfcc/391_100_07_21.mfc
/home/febe/Afrikaans/ASR/exp0/mfcc/391_100_07_22.mfc
/home/febe/Afrikaans/ASR/exp0/mfcc/391_100_07_26.mfc
/home/febe/Afrikaans/ASR/exp0/mfcc/391_100_07_3.mfc
/home/febe/Afrikaans/ASR/exp0/mfcc/391_100_07_4.mfc
/home/febe/Afrikaans/ASR/exp0/mfcc/391_100_07_5.mfc
/home/febe/Afrikaans/ASR/exp0/mfcc/391_100_07_6.mfc
/home/febe/Afrikaans/ASR/exp0/mfcc/391_100_07_7.mfc
/home/febe/Afrikaans/ASR/exp0/mfcc/391_100_07_8.mfc
/home/febe/Afrikaans/ASR/exp0/mfcc/391_100_07_9.mfc
/home/febe/Afrikaans/ASR/exp0/mfcc/397_100_13_1.mfc
/home/febe/Afrikaans/ASR/exp0/mfcc/397_100_13_10.mfc
/home/febe/Afrikaans/ASR/exp0/mfcc/397_100_13_11.mfc
/home/febe/Afrikaans/ASR/exp0/mfcc/397_100_13_12.mfc
/home/febe/Afrikaans/ASR/exp0/mfcc/397_100_13_13.mfc
/home/febe/Afrikaans/ASR/exp0/mfcc/397_100_13_17.mfc
/home/febe/Afrikaans/ASR/exp0/mfcc/397_100_13_18.mfc
/home/febe/Afrikaans/ASR/exp0/mfcc/397_100_13_19.mfc
/home/febe/Afrikaans/ASR/exp0/mfcc/397_100_13_2.mfc
/home/febe/Afrikaans/ASR/exp0/mfcc/397_100_13_20.mfc
/home/febe/Afrikaans/ASR/exp0/mfcc/397_100_13_21.mfc
/home/febe/Afrikaans/ASR/exp0/mfcc/397_100_13_22.mfc
/home/febe/Afrikaans/ASR/exp0/mfcc/397_100_13_23.mfc
/home/febe/Afrikaans/ASR/exp0/mfcc/397_100_13_24.mfc
/home/febe/Afrikaans/ASR/exp0/mfcc/397_100_13_25.mfc
/home/febe/Afrikaans/ASR/exp0/mfcc/397_100_13_26.mfc
/home/febe/Afrikaans/ASR/exp0/mfcc/397_100_13_27.mfc
/home/febe/Afrikaans/ASR/exp0/mfcc/397_100_13_28.mfc
/home/febe/Afrikaans/ASR/exp0/mfcc/397_100_13_29.mfc
/home/febe/Afrikaans/ASR/exp0/mfcc/397_100_13_3.mfc
/home/febe/Afrikaans/ASR/exp0/mfcc/397_100_13_30.mfc
/home/febe/Afrikaans/ASR/exp0/mfcc/397_100_13_31.mfc
/home/febe/Afrikaans/ASR/exp0/mfcc/397_100_13_32.mfc
/home/febe/Afrikaans/ASR/exp0/mfcc/397_100_13_33.mfc
/home/febe/Afrikaans/ASR/exp0/mfcc/397_100_13_34.mfc
/home/febe/Afrikaans/ASR/exp0/mfcc/397_100_13_35.mfc
/home/febe/Afrikaans/ASR/exp0/mfcc/397_100_13_4.mfc
/home/febe/Afrikaans/ASR/exp0/mfcc/397_100_13_5.mfc
/home/febe/Afrikaans/ASR/exp0/mfcc/397_100_13_6.mfc
/home/febe/Afrikaans/ASR/exp0/mfcc/397_100_13_7.mfc
/home/febe/Afrikaans/ASR/exp0/mfcc/397_100_13_8.mfc
/home/febe/Afrikaans/ASR/exp0/mfcc/397_100_13_9.mfc
/home/febe/Afrikaans/ASR/exp0/mfcc/399_100_15_1.mfc
/home/febe/Afrikaans/ASR/exp0/mfcc/399_100_15_10.mfc
/home/febe/Afrikaans/ASR/exp0/mfcc/399_100_15_11.mfc
/home/febe/Afrikaans/ASR/exp0/mfcc/399_100_15_13.mfc
/home/febe/Afrikaans/ASR/exp0/mfcc/399_100_15_14.mfc
/home/febe/Afrikaans/ASR/exp0/mfcc/399_100_15_15.mfc
/home/febe/Afrikaans/ASR/exp0/mfcc/399_100_15_16.mfc
/home/febe/Afrikaans/ASR/exp0/mfcc/399_100_15_17.mfc
/home/febe/Afrikaans/ASR/exp0/mfcc/399_100_15_18.mfc
/home/febe/Afrikaans/ASR/exp0/mfcc/399_100_15_19.mfc
/home/febe/Afrikaans/ASR/exp0/mfcc/399_100_15_2.mfc
/home/febe/Afrikaans/ASR/exp0/mfcc/399_100_15_20.mfc
/home/febe/Afrikaans/ASR/exp0/mfcc/399_100_15_21.mfc
/home/febe/Afrikaans/ASR/exp0/mfcc/399_100_15_22.mfc
/home/febe/Afrikaans/ASR/exp0/mfcc/399_100_15_23.mfc
/home/febe/Afrikaans/ASR/exp0/mfcc/399_100_15_24.mfc
/home/febe/Afrikaans/ASR/exp0/mfcc/399_100_15_25.mfc
/home/febe/Afrikaans/ASR/exp0/mfcc/399_100_15_26.mfc
/home/febe/Afrikaans/ASR/exp0/mfcc/399_100_15_27.mfc
/home/febe/Afrikaans/ASR/exp0/mfcc/399_100_15_28.mfc
/home/febe/Afrikaans/ASR/exp0/mfcc/399_100_15_29.mfc
/home/febe/Afrikaans/ASR/exp0/mfcc/399_100_15_3.mfc
/home/febe/Afrikaans/ASR/exp0/mfcc/399_100_15_30.mfc
/home/febe/Afrikaans/ASR/exp0/mfcc/399_100_15_31.mfc
/home/febe/Afrikaans/ASR/exp0/mfcc/399_100_15_32.mfc
/home/febe/Afrikaans/ASR/exp0/mfcc/399_100_15_33.mfc
/home/febe/Afrikaans/ASR/exp0/mfcc/399_100_15_34.mfc
/home/febe/Afrikaans/ASR/exp0/mfcc/399_100_15_35.mfc
/home/febe/Afrikaans/ASR/exp0/mfcc/399_100_15_36.mfc
/home/febe/Afrikaans/ASR/exp0/mfcc/399_100_15_37.mfc
/home/febe/Afrikaans/ASR/exp0/mfcc/399_100_15_38.mfc
/home/febe/Afrikaans/ASR/exp0/mfcc/399_100_15_39.mfc
/home/febe/Afrikaans/ASR/exp0/mfcc/399_100_15_4.mfc
/home/febe/Afrikaans/ASR/exp0/mfcc/399_100_15_5.mfc
/home/febe/Afrikaans/ASR/exp0/mfcc/399_100_15_6.mfc
/home/febe/Afrikaans/ASR/exp0/mfcc/399_100_15_7.mfc
/home/febe/Afrikaans/ASR/exp0/mfcc/399_100_15_8.mfc
/home/febe/Afrikaans/ASR/exp0/mfcc/399_100_15_9.mfc
/home/febe/Afrikaans/ASR/exp0/mfcc/3_36_06_1.mfc
/home/febe/Afrikaans/ASR/exp0/mfcc/3_36_06_10.mfc
/home/febe/Afrikaans/ASR/exp0/mfcc/3_36_06_11.mfc
/home/febe/Afrikaans/ASR/exp0/mfcc/3_36_06_12.mfc
/home/febe/Afrikaans/ASR/exp0/mfcc/3_36_06_14.mfc
/home/febe/Afrikaans/ASR/exp0/mfcc/3_36_06_15.mfc
/home/febe/Afrikaans/ASR/exp0/mfcc/3_36_06_16.mfc
/home/febe/Afrikaans/ASR/exp0/mfcc/3_36_06_17.mfc
/home/febe/Afrikaans/ASR/exp0/mfcc/3_36_06_18.mfc
/home/febe/Afrikaans/ASR/exp0/mfcc/3_36_06_2.mfc
/home/febe/Afrikaans/ASR/exp0/mfcc/3_36_06_20.mfc
/home/febe/Afrikaans/ASR/exp0/mfcc/3_36_06_21.mfc
/home/febe/Afrikaans/ASR/exp0/mfcc/3_36_06_22.mfc
/home/febe/Afrikaans/ASR/exp0/mfcc/3_36_06_23.mfc
/home/febe/Afrikaans/ASR/exp0/mfcc/3_36_06_24.mfc
/home/febe/Afrikaans/ASR/exp0/mfcc/3_36_06_26.mfc
/home/febe/Afrikaans/ASR/exp0/mfcc/3_36_06_27.mfc
/home/febe/Afrikaans/ASR/exp0/mfcc/3_36_06_28.mfc
/home/febe/Afrikaans/ASR/exp0/mfcc/3_36_06_29.mfc
/home/febe/Afrikaans/ASR/exp0/mfcc/3_36_06_3.mfc
/home/febe/Afrikaans/ASR/exp0/mfcc/3_36_06_30.mfc
/home/febe/Afrikaans/ASR/exp0/mfcc/3_36_06_32.mfc
/home/febe/Afrikaans/ASR/exp0/mfcc/3_36_06_33.mfc
/home/febe/Afrikaans/ASR/exp0/mfcc/3_36_06_34.mfc
/home/febe/Afrikaans/ASR/exp0/mfcc/3_36_06_35.mfc
/home/febe/Afrikaans/ASR/exp0/mfcc/3_36_06_36.mfc
/home/febe/Afrikaans/ASR/exp0/mfcc/3_36_06_37.mfc
/home/febe/Afrikaans/ASR/exp0/mfcc/3_36_06_38.mfc
/home/febe/Afrikaans/ASR/exp0/mfcc/3_36_06_40.mfc
/home/febe/Afrikaans/ASR/exp0/mfcc/3_36_06_41.mfc
/home/febe/Afrikaans/ASR/exp0/mfcc/3_36_06_42.mfc
/home/febe/Afrikaans/ASR/exp0/mfcc/3_36_06_43.mfc
/home/febe/Afrikaans/ASR/exp0/mfcc/3_36_06_44.mfc
/home/febe/Afrikaans/ASR/exp0/mfcc/3_36_06_5.mfc
/home/febe/Afrikaans/ASR/exp0/mfcc/3_36_06_6.mfc
/home/febe/Afrikaans/ASR/exp0/mfcc/3_36_06_7.mfc
/home/febe/Afrikaans/ASR/exp0/mfcc/3_36_06_9.mfc
