/home/rsg/Privz/RSGCorpus/Audio/10_Desember_2010_07h00.wav
/home/rsg/Privz/RSGCorpus/Audio/10_Januarie_2011_07h00.wav
/home/rsg/Privz/RSGCorpus/Audio/10_Januarie_2011_09h00.wav
/home/rsg/Privz/RSGCorpus/Audio/10_Januarie_2011_13h00.wav
/home/rsg/Privz/RSGCorpus/Audio/10_Januarie_2011_17h00.wav
/home/rsg/Privz/RSGCorpus/Audio/11_Desember_2010_07h00.wav
/home/rsg/Privz/RSGCorpus/Audio/11_Desember_2010_13h00.wav
/home/rsg/Privz/RSGCorpus/Audio/11_Januarie_2011_07h00.wav
/home/rsg/Privz/RSGCorpus/Audio/11_Januarie_2011_09h00.wav
/home/rsg/Privz/RSGCorpus/Audio/11_Januarie_2011_13h00.wav
/home/rsg/Privz/RSGCorpus/Audio/11_Januarie_2011_17h00.wav
/home/rsg/Privz/RSGCorpus/Audio/12_Desember_2010_07h00.wav
/home/rsg/Privz/RSGCorpus/Audio/12_Februarie_2011_07h00.wav
/home/rsg/Privz/RSGCorpus/Audio/12_Februarie_2011_13h00.wav
/home/rsg/Privz/RSGCorpus/Audio/12_Januarie_2011_07h00.wav
/home/rsg/Privz/RSGCorpus/Audio/12_Januarie_2011_13h00.wav
/home/rsg/Privz/RSGCorpus/Audio/12_Januarie_2011_17h00.wav
/home/rsg/Privz/RSGCorpus/Audio/13_Desember_2010_07h00.wav
/home/rsg/Privz/RSGCorpus/Audio/13_Desember_2010_09h00.wav
/home/rsg/Privz/RSGCorpus/Audio/13_Desember_2010_13h00.wav
/home/rsg/Privz/RSGCorpus/Audio/13_Desember_2010_17h00.wav
/home/rsg/Privz/RSGCorpus/Audio/13_Februarie_2011_07h00.wav
/home/rsg/Privz/RSGCorpus/Audio/13_Februarie_2011_13h00.wav
/home/rsg/Privz/RSGCorpus/Audio/13_Januarie_2011_07h00.wav
/home/rsg/Privz/RSGCorpus/Audio/13_Januarie_2011_09h00.wav
/home/rsg/Privz/RSGCorpus/Audio/13_Januarie_2011_13h00.wav
/home/rsg/Privz/RSGCorpus/Audio/13_Januarie_2011_17h00.wav
/home/rsg/Privz/RSGCorpus/Audio/14_Desember_2010_07h00.wav
/home/rsg/Privz/RSGCorpus/Audio/14_Desember_2010_09h00.wav
/home/rsg/Privz/RSGCorpus/Audio/14_Desember_2010_13h00.wav
/home/rsg/Privz/RSGCorpus/Audio/14_Desember_2010_17h00.wav
/home/rsg/Privz/RSGCorpus/Audio/14_Februarie_2011_07h00.wav
/home/rsg/Privz/RSGCorpus/Audio/14_Februarie_2011_09h00.wav
/home/rsg/Privz/RSGCorpus/Audio/14_Februarie_2011_13h00.wav
/home/rsg/Privz/RSGCorpus/Audio/14_Februarie_2011_17h00.wav
/home/rsg/Privz/RSGCorpus/Audio/14_Januarie_2011_07h00.wav
/home/rsg/Privz/RSGCorpus/Audio/14_Januarie_2011_09h00.wav
/home/rsg/Privz/RSGCorpus/Audio/14_Januarie_2011_13h00.wav
/home/rsg/Privz/RSGCorpus/Audio/15_Desember_2010_07h00.wav
/home/rsg/Privz/RSGCorpus/Audio/15_Desember_2010_09h00.wav
/home/rsg/Privz/RSGCorpus/Audio/15_Desember_2010_13h00.wav
/home/rsg/Privz/RSGCorpus/Audio/15_Desember_2010_17h00.wav
/home/rsg/Privz/RSGCorpus/Audio/15_Februarie_2011_07h00.wav
/home/rsg/Privz/RSGCorpus/Audio/15_Februarie_2011_09h00.wav
/home/rsg/Privz/RSGCorpus/Audio/15_Februarie_2011_13h00.wav
/home/rsg/Privz/RSGCorpus/Audio/15_Januarie_2011_07h00.wav
/home/rsg/Privz/RSGCorpus/Audio/15_Januarie_2011_13h00.wav
/home/rsg/Privz/RSGCorpus/Audio/16_Desember_2010_07h00.wav
/home/rsg/Privz/RSGCorpus/Audio/16_Desember_2010_09h00.wav
/home/rsg/Privz/RSGCorpus/Audio/16_Desember_2010_13h00.wav
/home/rsg/Privz/RSGCorpus/Audio/16_Desember_2010_17h00.wav
/home/rsg/Privz/RSGCorpus/Audio/16_Januarie_2011_07h00.wav
/home/rsg/Privz/RSGCorpus/Audio/16_Januarie_2011_13h00.wav
/home/rsg/Privz/RSGCorpus/Audio/17_Desember_2010_07h00.wav
/home/rsg/Privz/RSGCorpus/Audio/17_Desember_2010_09h00.wav
/home/rsg/Privz/RSGCorpus/Audio/17_Desember_2010_13h00.wav
/home/rsg/Privz/RSGCorpus/Audio/17_Desember_2010_17h00.wav
/home/rsg/Privz/RSGCorpus/Audio/17_Januarie_2011_07h00.wav
/home/rsg/Privz/RSGCorpus/Audio/17_Januarie_2011_09h00.wav
/home/rsg/Privz/RSGCorpus/Audio/17_Januarie_2011_13h00.wav
/home/rsg/Privz/RSGCorpus/Audio/17_Januarie_2011_17h00.wav
/home/rsg/Privz/RSGCorpus/Audio/18_Desember_2010_07h00.wav
/home/rsg/Privz/RSGCorpus/Audio/18_Desember_2010_13h00.wav
/home/rsg/Privz/RSGCorpus/Audio/18_Januarie_2011_07h00.wav
/home/rsg/Privz/RSGCorpus/Audio/18_Januarie_2011_09h00.wav
/home/rsg/Privz/RSGCorpus/Audio/18_Januarie_2011_13h00.wav
/home/rsg/Privz/RSGCorpus/Audio/19_Desember_2010_07h00.wav
/home/rsg/Privz/RSGCorpus/Audio/19_Desember_2010_13h00.wav
/home/rsg/Privz/RSGCorpus/Audio/19_Januarie_2011_07h00.wav
/home/rsg/Privz/RSGCorpus/Audio/19_Januarie_2011_09h00.wav
/home/rsg/Privz/RSGCorpus/Audio/19_Januarie_2011_13h00.wav
/home/rsg/Privz/RSGCorpus/Audio/19_Januarie_2011_17h00.wav
/home/rsg/Privz/RSGCorpus/Audio/19_September_2010_06h00.wav
/home/rsg/Privz/RSGCorpus/Audio/19_September_2010_07h00.wav
/home/rsg/Privz/RSGCorpus/Audio/19_September_2010_08h00.wav
/home/rsg/Privz/RSGCorpus/Audio/19_September_2010_10h00.wav
/home/rsg/Privz/RSGCorpus/Audio/19_September_2010_11h00.wav
/home/rsg/Privz/RSGCorpus/Audio/1_Desember_2010_06h00.wav
/home/rsg/Privz/RSGCorpus/Audio/1_Desember_2010_07h00.wav
/home/rsg/Privz/RSGCorpus/Audio/1_Desember_2010_09h00.wav
/home/rsg/Privz/RSGCorpus/Audio/1_Desember_2010_12h00.wav
/home/rsg/Privz/RSGCorpus/Audio/1_Desember_2010_13h00.wav
/home/rsg/Privz/RSGCorpus/Audio/1_Desember_2010_14h00.wav
/home/rsg/Privz/RSGCorpus/Audio/1_Desember_2010_15h00.wav
/home/rsg/Privz/RSGCorpus/Audio/1_Desember_2010_17h00.wav
/home/rsg/Privz/RSGCorpus/Audio/1_Desember_2010_21h00.wav
/home/rsg/Privz/RSGCorpus/Audio/1_Januarie_2011_06h00.wav
/home/rsg/Privz/RSGCorpus/Audio/1_Januarie_2011_07h00.wav
/home/rsg/Privz/RSGCorpus/Audio/1_Januarie_2011_13h00.wav
/home/rsg/Privz/RSGCorpus/Audio/1_Januarie_2011_21h00.wav
/home/rsg/Privz/RSGCorpus/Audio/20_Desember_2010_07h00.wav
/home/rsg/Privz/RSGCorpus/Audio/20_Desember_2010_09h00.wav
/home/rsg/Privz/RSGCorpus/Audio/20_Desember_2010_13h00.wav
/home/rsg/Privz/RSGCorpus/Audio/20_Desember_2010_17h00.wav
/home/rsg/Privz/RSGCorpus/Audio/20_Januarie_2011_07h00.wav
/home/rsg/Privz/RSGCorpus/Audio/20_Januarie_2011_09h00.wav
/home/rsg/Privz/RSGCorpus/Audio/20_Januarie_2011_13h00.wav
/home/rsg/Privz/RSGCorpus/Audio/20_Januarie_2011_17h00.wav
/home/rsg/Privz/RSGCorpus/Audio/21_Desember_2010_07h00.wav
/home/rsg/Privz/RSGCorpus/Audio/21_Desember_2010_09h00.wav
/home/rsg/Privz/RSGCorpus/Audio/21_Desember_2010_13h00.wav
/home/rsg/Privz/RSGCorpus/Audio/21_Desember_2010_17h00.wav
/home/rsg/Privz/RSGCorpus/Audio/21_Januarie_2011_07h00.wav
/home/rsg/Privz/RSGCorpus/Audio/21_Januarie_2011_09h00.wav
/home/rsg/Privz/RSGCorpus/Audio/22_Desember_2010_06h00.wav
/home/rsg/Privz/RSGCorpus/Audio/22_Desember_2010_07h00.wav
/home/rsg/Privz/RSGCorpus/Audio/22_Desember_2010_09h00.wav
/home/rsg/Privz/RSGCorpus/Audio/22_Desember_2010_12h00.wav
/home/rsg/Privz/RSGCorpus/Audio/22_Desember_2010_13h00.wav
/home/rsg/Privz/RSGCorpus/Audio/22_Desember_2010_14h00.wav
/home/rsg/Privz/RSGCorpus/Audio/22_Desember_2010_15h00.wav
/home/rsg/Privz/RSGCorpus/Audio/22_Desember_2010_17h00.wav
/home/rsg/Privz/RSGCorpus/Audio/22_Desember_2010_21h00.wav
/home/rsg/Privz/RSGCorpus/Audio/22_Januarie_2011_07h00.wav
/home/rsg/Privz/RSGCorpus/Audio/22_Januarie_2011_13h00.wav
/home/rsg/Privz/RSGCorpus/Audio/23_Desember_2010_06h00.wav
/home/rsg/Privz/RSGCorpus/Audio/23_Desember_2010_07h00.wav
/home/rsg/Privz/RSGCorpus/Audio/23_Desember_2010_09h00.wav
/home/rsg/Privz/RSGCorpus/Audio/23_Desember_2010_12h00.wav
/home/rsg/Privz/RSGCorpus/Audio/23_Desember_2010_13h00.wav
/home/rsg/Privz/RSGCorpus/Audio/23_Desember_2010_14h00.wav
/home/rsg/Privz/RSGCorpus/Audio/23_Desember_2010_15h00.wav
/home/rsg/Privz/RSGCorpus/Audio/23_Desember_2010_17h00.wav
/home/rsg/Privz/RSGCorpus/Audio/23_Desember_2010_21h00.wav
/home/rsg/Privz/RSGCorpus/Audio/23_Januarie_2011_07h00.wav
/home/rsg/Privz/RSGCorpus/Audio/23_Januarie_2011_13h00.wav
/home/rsg/Privz/RSGCorpus/Audio/24_Desember_2010_06h00.wav
/home/rsg/Privz/RSGCorpus/Audio/24_Desember_2010_07h00.wav
/home/rsg/Privz/RSGCorpus/Audio/24_Desember_2010_09h00.wav
/home/rsg/Privz/RSGCorpus/Audio/24_Desember_2010_13h00.wav
/home/rsg/Privz/RSGCorpus/Audio/24_Desember_2010_17h00.wav
/home/rsg/Privz/RSGCorpus/Audio/24_Desember_2010_21h00.wav
/home/rsg/Privz/RSGCorpus/Audio/24_Januarie_2011_07h00.wav
/home/rsg/Privz/RSGCorpus/Audio/24_November_2010_15h00.wav
/home/rsg/Privz/RSGCorpus/Audio/24_November_2010_17h00.wav
/home/rsg/Privz/RSGCorpus/Audio/24_November_2010_21h00.wav
/home/rsg/Privz/RSGCorpus/Audio/25_Desember_2010_06h00.wav
/home/rsg/Privz/RSGCorpus/Audio/25_Desember_2010_07h00.wav
/home/rsg/Privz/RSGCorpus/Audio/25_Desember_2010_13h00.wav
/home/rsg/Privz/RSGCorpus/Audio/25_Desember_2010_21h00.wav
/home/rsg/Privz/RSGCorpus/Audio/25_November_2010_06h00.wav
/home/rsg/Privz/RSGCorpus/Audio/25_November_2010_07h00.wav
/home/rsg/Privz/RSGCorpus/Audio/25_November_2010_09h00.wav
/home/rsg/Privz/RSGCorpus/Audio/25_November_2010_12h00.wav
/home/rsg/Privz/RSGCorpus/Audio/25_November_2010_13h00.wav
/home/rsg/Privz/RSGCorpus/Audio/25_November_2010_14h00.wav
/home/rsg/Privz/RSGCorpus/Audio/25_November_2010_15h00.wav
/home/rsg/Privz/RSGCorpus/Audio/25_November_2010_17h00.wav
/home/rsg/Privz/RSGCorpus/Audio/25_November_2010_21h00.wav
/home/rsg/Privz/RSGCorpus/Audio/26_Desember_2010_06h00.wav
/home/rsg/Privz/RSGCorpus/Audio/26_Desember_2010_07h00.wav
/home/rsg/Privz/RSGCorpus/Audio/26_Desember_2010_13h00.wav
/home/rsg/Privz/RSGCorpus/Audio/26_Desember_2010_21h00.wav
/home/rsg/Privz/RSGCorpus/Audio/26_November_2010_06h00.wav
/home/rsg/Privz/RSGCorpus/Audio/26_November_2010_07h00.wav
/home/rsg/Privz/RSGCorpus/Audio/26_November_2010_09h00.wav
/home/rsg/Privz/RSGCorpus/Audio/26_November_2010_12h00.wav
/home/rsg/Privz/RSGCorpus/Audio/26_November_2010_13h00.wav
/home/rsg/Privz/RSGCorpus/Audio/26_November_2010_14h00.wav
/home/rsg/Privz/RSGCorpus/Audio/26_November_2010_15h00.wav
/home/rsg/Privz/RSGCorpus/Audio/26_November_2010_17h00.wav
/home/rsg/Privz/RSGCorpus/Audio/26_November_2010_21h00.wav
/home/rsg/Privz/RSGCorpus/Audio/27_Desember_2010_06h00.wav
/home/rsg/Privz/RSGCorpus/Audio/27_Desember_2010_07h00.wav
/home/rsg/Privz/RSGCorpus/Audio/27_Desember_2010_09h00.wav
/home/rsg/Privz/RSGCorpus/Audio/27_Desember_2010_12h00.wav
/home/rsg/Privz/RSGCorpus/Audio/27_Desember_2010_13h00.wav
/home/rsg/Privz/RSGCorpus/Audio/27_Desember_2010_15h00.wav
/home/rsg/Privz/RSGCorpus/Audio/27_Desember_2010_17h00.wav
/home/rsg/Privz/RSGCorpus/Audio/27_Desember_2010_21h00.wav
/home/rsg/Privz/RSGCorpus/Audio/27_November_2010_06h00.wav
/home/rsg/Privz/RSGCorpus/Audio/27_November_2010_07h00.wav
/home/rsg/Privz/RSGCorpus/Audio/27_November_2010_13h00.wav
/home/rsg/Privz/RSGCorpus/Audio/27_November_2010_21h00.wav
/home/rsg/Privz/RSGCorpus/Audio/28_Desember_2010_06h00.wav
/home/rsg/Privz/RSGCorpus/Audio/28_Desember_2010_07h00.wav
/home/rsg/Privz/RSGCorpus/Audio/28_Desember_2010_09h00.wav
/home/rsg/Privz/RSGCorpus/Audio/28_Desember_2010_12h00.wav
/home/rsg/Privz/RSGCorpus/Audio/28_Desember_2010_13h00.wav
/home/rsg/Privz/RSGCorpus/Audio/28_Desember_2010_14h00.wav
/home/rsg/Privz/RSGCorpus/Audio/28_Desember_2010_15h00.wav
/home/rsg/Privz/RSGCorpus/Audio/28_Desember_2010_17h00.wav
/home/rsg/Privz/RSGCorpus/Audio/28_Desember_2010_21h00.wav
/home/rsg/Privz/RSGCorpus/Audio/28_November_2010_06h00.wav
/home/rsg/Privz/RSGCorpus/Audio/28_November_2010_07h00.wav
/home/rsg/Privz/RSGCorpus/Audio/28_November_2010_13h00.wav
/home/rsg/Privz/RSGCorpus/Audio/28_November_2010_21h00.wav
/home/rsg/Privz/RSGCorpus/Audio/29_Desember_2010_06h00.wav
/home/rsg/Privz/RSGCorpus/Audio/29_Desember_2010_07h00.wav
/home/rsg/Privz/RSGCorpus/Audio/29_Desember_2010_09h00.wav
/home/rsg/Privz/RSGCorpus/Audio/29_Desember_2010_12h00.wav
/home/rsg/Privz/RSGCorpus/Audio/29_Desember_2010_13h00.wav
/home/rsg/Privz/RSGCorpus/Audio/29_Desember_2010_14h00.wav
/home/rsg/Privz/RSGCorpus/Audio/29_Desember_2010_17h00.wav
/home/rsg/Privz/RSGCorpus/Audio/29_Desember_2010_21h00.wav
/home/rsg/Privz/RSGCorpus/Audio/29_November_2010_06h00.wav
/home/rsg/Privz/RSGCorpus/Audio/29_November_2010_07h00.wav
/home/rsg/Privz/RSGCorpus/Audio/29_November_2010_09h00.wav
/home/rsg/Privz/RSGCorpus/Audio/29_November_2010_12h00.wav
/home/rsg/Privz/RSGCorpus/Audio/29_November_2010_13h00.wav
/home/rsg/Privz/RSGCorpus/Audio/29_November_2010_14h00.wav
/home/rsg/Privz/RSGCorpus/Audio/29_November_2010_15h00.wav
/home/rsg/Privz/RSGCorpus/Audio/29_November_2010_17h00.wav
/home/rsg/Privz/RSGCorpus/Audio/29_November_2010_21h00.wav
/home/rsg/Privz/RSGCorpus/Audio/2_Desember_2010_06h00.wav
/home/rsg/Privz/RSGCorpus/Audio/2_Desember_2010_07h00.wav
/home/rsg/Privz/RSGCorpus/Audio/2_Desember_2010_09h00.wav
/home/rsg/Privz/RSGCorpus/Audio/2_Desember_2010_12h00.wav
/home/rsg/Privz/RSGCorpus/Audio/2_Desember_2010_13h00.wav
/home/rsg/Privz/RSGCorpus/Audio/2_Desember_2010_14h00.wav
/home/rsg/Privz/RSGCorpus/Audio/2_Desember_2010_15h00.wav
/home/rsg/Privz/RSGCorpus/Audio/2_Desember_2010_17h00.wav
/home/rsg/Privz/RSGCorpus/Audio/2_Desember_2010_21h00.wav
/home/rsg/Privz/RSGCorpus/Audio/2_Januarie_2011_06h00.wav
/home/rsg/Privz/RSGCorpus/Audio/2_Januarie_2011_07h00.wav
/home/rsg/Privz/RSGCorpus/Audio/2_Januarie_2011_13h00.wav
/home/rsg/Privz/RSGCorpus/Audio/2_Januarie_2011_15h00.wav
/home/rsg/Privz/RSGCorpus/Audio/2_Januarie_2011_20h00.wav
/home/rsg/Privz/RSGCorpus/Audio/30_Desember_2010_06h00.wav
/home/rsg/Privz/RSGCorpus/Audio/30_Desember_2010_07h00.wav
/home/rsg/Privz/RSGCorpus/Audio/30_Desember_2010_09h00.wav
/home/rsg/Privz/RSGCorpus/Audio/30_Desember_2010_12h00.wav
/home/rsg/Privz/RSGCorpus/Audio/30_Desember_2010_13h00.wav
/home/rsg/Privz/RSGCorpus/Audio/30_Desember_2010_17h00.wav
/home/rsg/Privz/RSGCorpus/Audio/30_Desember_2010_21h00.wav
/home/rsg/Privz/RSGCorpus/Audio/30_November_2010_06h00.wav
/home/rsg/Privz/RSGCorpus/Audio/30_November_2010_07h00.wav
/home/rsg/Privz/RSGCorpus/Audio/30_November_2010_09h00.wav
/home/rsg/Privz/RSGCorpus/Audio/30_November_2010_12h00.wav
/home/rsg/Privz/RSGCorpus/Audio/30_November_2010_13h00.wav
/home/rsg/Privz/RSGCorpus/Audio/30_November_2010_14h00.wav
/home/rsg/Privz/RSGCorpus/Audio/30_November_2010_15h00.wav
/home/rsg/Privz/RSGCorpus/Audio/30_November_2010_17h00.wav
/home/rsg/Privz/RSGCorpus/Audio/30_November_2010_21h00.wav
/home/rsg/Privz/RSGCorpus/Audio/31_Desember_2010_06h00.wav
/home/rsg/Privz/RSGCorpus/Audio/31_Desember_2010_07h00.wav
/home/rsg/Privz/RSGCorpus/Audio/31_Desember_2010_09h00.wav
/home/rsg/Privz/RSGCorpus/Audio/31_Desember_2010_17h00.wav
/home/rsg/Privz/RSGCorpus/Audio/3_Desember_2010_06h00.wav
/home/rsg/Privz/RSGCorpus/Audio/3_Desember_2010_07h00.wav
/home/rsg/Privz/RSGCorpus/Audio/3_Desember_2010_09h00.wav
/home/rsg/Privz/RSGCorpus/Audio/3_Desember_2010_12h00.wav
/home/rsg/Privz/RSGCorpus/Audio/3_Desember_2010_13h00.wav
/home/rsg/Privz/RSGCorpus/Audio/3_Desember_2010_14h00.wav
/home/rsg/Privz/RSGCorpus/Audio/3_Desember_2010_15h00.wav
/home/rsg/Privz/RSGCorpus/Audio/3_Desember_2010_17h00.wav
/home/rsg/Privz/RSGCorpus/Audio/3_Desember_2010_21h00.wav
/home/rsg/Privz/RSGCorpus/Audio/3_Januarie_2011_06h00.wav
/home/rsg/Privz/RSGCorpus/Audio/3_Januarie_2011_07h00.wav
/home/rsg/Privz/RSGCorpus/Audio/3_Januarie_2011_09h00.wav
/home/rsg/Privz/RSGCorpus/Audio/3_Januarie_2011_12h00.wav
/home/rsg/Privz/RSGCorpus/Audio/3_Januarie_2011_13h00.wav
/home/rsg/Privz/RSGCorpus/Audio/3_Januarie_2011_14h00.wav
/home/rsg/Privz/RSGCorpus/Audio/3_Januarie_2011_17h00.wav
/home/rsg/Privz/RSGCorpus/Audio/3_Januarie_2011_21h00.wav
/home/rsg/Privz/RSGCorpus/Audio/4_Desember_2010_06h00.wav
/home/rsg/Privz/RSGCorpus/Audio/4_Desember_2010_07h00.wav
/home/rsg/Privz/RSGCorpus/Audio/4_Desember_2010_12h00.wav
/home/rsg/Privz/RSGCorpus/Audio/4_Desember_2010_13h00.wav
/home/rsg/Privz/RSGCorpus/Audio/4_Desember_2010_21h00.wav
/home/rsg/Privz/RSGCorpus/Audio/4_Januarie_2011_06h00.wav
/home/rsg/Privz/RSGCorpus/Audio/4_Januarie_2011_07h00.wav
/home/rsg/Privz/RSGCorpus/Audio/4_Januarie_2011_09h00.wav
/home/rsg/Privz/RSGCorpus/Audio/4_Januarie_2011_12h00.wav
/home/rsg/Privz/RSGCorpus/Audio/4_Januarie_2011_13h00.wav
/home/rsg/Privz/RSGCorpus/Audio/4_Januarie_2011_14h00.wav
/home/rsg/Privz/RSGCorpus/Audio/4_Januarie_2011_15h00.wav
/home/rsg/Privz/RSGCorpus/Audio/4_Januarie_2011_17h00.wav
/home/rsg/Privz/RSGCorpus/Audio/4_Januarie_2011_21h00.wav
/home/rsg/Privz/RSGCorpus/Audio/5_Desember_2010_06h00.wav
/home/rsg/Privz/RSGCorpus/Audio/5_Desember_2010_07h00.wav
/home/rsg/Privz/RSGCorpus/Audio/5_Desember_2010_13h00.wav
/home/rsg/Privz/RSGCorpus/Audio/5_Desember_2010_21h00.wav
/home/rsg/Privz/RSGCorpus/Audio/5_Januarie_2011_09h00.wav
/home/rsg/Privz/RSGCorpus/Audio/5_Januarie_2011_13h00.wav
/home/rsg/Privz/RSGCorpus/Audio/5_Januarie_2011_17h00.wav
/home/rsg/Privz/RSGCorpus/Audio/6_Desember_2010_06h00.wav
/home/rsg/Privz/RSGCorpus/Audio/6_Desember_2010_07h00.wav
/home/rsg/Privz/RSGCorpus/Audio/6_Desember_2010_09h00.wav
/home/rsg/Privz/RSGCorpus/Audio/6_Desember_2010_12h00.wav
/home/rsg/Privz/RSGCorpus/Audio/6_Desember_2010_13h00.wav
/home/rsg/Privz/RSGCorpus/Audio/6_Desember_2010_14h00.wav
/home/rsg/Privz/RSGCorpus/Audio/6_Desember_2010_15h00.wav
/home/rsg/Privz/RSGCorpus/Audio/6_Desember_2010_17h00.wav
/home/rsg/Privz/RSGCorpus/Audio/6_Desember_2010_21h00.wav
/home/rsg/Privz/RSGCorpus/Audio/6_Januarie_2011_07h00.wav
/home/rsg/Privz/RSGCorpus/Audio/6_Januarie_2011_09h00.wav
/home/rsg/Privz/RSGCorpus/Audio/6_Januarie_2011_13h00.wav
/home/rsg/Privz/RSGCorpus/Audio/6_Januarie_2011_17h00.wav
/home/rsg/Privz/RSGCorpus/Audio/7_Desember_2010_06h00.wav
/home/rsg/Privz/RSGCorpus/Audio/7_Desember_2010_07h00.wav
/home/rsg/Privz/RSGCorpus/Audio/7_Desember_2010_09h00.wav
/home/rsg/Privz/RSGCorpus/Audio/7_Desember_2010_12h00.wav
/home/rsg/Privz/RSGCorpus/Audio/7_Desember_2010_13h00.wav
/home/rsg/Privz/RSGCorpus/Audio/7_Desember_2010_14h00.wav
/home/rsg/Privz/RSGCorpus/Audio/7_Desember_2010_15h00.wav
/home/rsg/Privz/RSGCorpus/Audio/7_Desember_2010_17h00.wav
/home/rsg/Privz/RSGCorpus/Audio/7_Desember_2010_21h00.wav
/home/rsg/Privz/RSGCorpus/Audio/7_Januarie_2011_07h00.wav
/home/rsg/Privz/RSGCorpus/Audio/7_Januarie_2011_09h00.wav
/home/rsg/Privz/RSGCorpus/Audio/7_Januarie_2011_13h00.wav
/home/rsg/Privz/RSGCorpus/Audio/7_Januarie_2011_17h00.wav
/home/rsg/Privz/RSGCorpus/Audio/8_Desember_2010_07h00.wav
/home/rsg/Privz/RSGCorpus/Audio/8_Desember_2010_09h00.wav
/home/rsg/Privz/RSGCorpus/Audio/8_Desember_2010_13h00.wav
/home/rsg/Privz/RSGCorpus/Audio/8_Desember_2010_17h00.wav
/home/rsg/Privz/RSGCorpus/Audio/8_Januarie_2011_07h00.wav
/home/rsg/Privz/RSGCorpus/Audio/8_Januarie_2011_13h00.wav
/home/rsg/Privz/RSGCorpus/Audio/9_Desember_2010_07h00.wav
/home/rsg/Privz/RSGCorpus/Audio/9_Desember_2010_09h00.wav
/home/rsg/Privz/RSGCorpus/Audio/9_Desember_2010_13h00.wav
/home/rsg/Privz/RSGCorpus/Audio/9_Desember_2010_17h00.wav
/home/rsg/Privz/RSGCorpus/Audio/9_Januarie_2011_07h00.wav
/home/rsg/Privz/RSGCorpus/Audio/9_Januarie_2011_13h00.wav
